966.291952,info,1778157094699,55.5600959,14.3625598
966.394019,info,1778157094799,55.5600962,14.3625598
966.496019,info,1778157094899,55.5600962,14.3625596
966.597783,info,1778157095000,55.5600964,14.3625594
966.699842,info,1778157095099,55.5600964,14.3625589
966.795811,info,1778157095199,55.5600964,14.3625583
966.892001,info,1778157095299,55.5600965,14.3625578
966.994015,info,1778157095399,55.5600964,14.3625572
967.095902,info,1778157095499,55.5600964,14.3625567
967.197793,info,1778157095599,55.5600964,14.3625563
967.299904,info,1778157095699,55.5600965,14.3625561
967.395907,info,1778157095799,55.5600966,14.3625559
967.497962,info,1778157095899,55.5600966,14.3625559
967.599898,info,1778157096000,55.5600967,14.3625558
967.701828,info,1778157096099,55.5600969,14.3625558
967.797879,info,1778157096199,55.560097,14.3625557
967.899890,info,1778157096299,55.5600971,14.3625556
967.995884,info,1778157096399,55.5600973,14.3625555
968.097936,info,1778157096499,55.5600975,14.3625552
968.193936,info,1778157096599,55.5600976,14.3625549
968.295847,info,1778157096699,55.5600978,14.3625546
968.391962,info,1778157096799,55.5600979,14.3625544
968.499917,info,1778157096899,55.560098,14.3625543
968.595890,info,1778157097000,55.5600981,14.3625542
968.703836,info,1778157097099,55.5600981,14.3625542
968.794100,info,1778157097199,55.5600982,14.3625542
968.895899,info,1778157097299,55.5600982,14.3625542
968.991956,info,1778157097399,55.5600982,14.3625542
969.099828,info,1778157097499,55.5600983,14.3625542
969.195856,info,1778157097599,55.5600985,14.3625542
969.297770,info,1778157097699,55.5600986,14.3625542
969.394006,info,1778157097799,55.5600989,14.3625543
969.495954,info,1778157097899,55.5600991,14.3625541
969.597922,info,1778157098000,55.5600993,14.362554
969.699907,info,1778157098099,55.5600994,14.362554
969.795887,info,1778157098199,55.5600995,14.3625539
969.897898,info,1778157098299,55.5600996,14.362554
969.999802,info,1778157098399,55.5600996,14.362554
970.096041,info,1778157098499,55.5600998,14.3625539
970.197818,info,1778157098599,55.5600998,14.3625537
970.299886,info,1778157098699,55.5600998,14.3625536
970.395983,info,1778157098799,55.5600998,14.3625533
970.497952,info,1778157098899,55.5600996,14.3625529
970.599809,info,1778157099000,55.5600995,14.3625527
970.701902,info,1778157099099,55.5600993,14.3625523
970.797839,info,1778157099199,55.5600992,14.362552
970.899852,info,1778157099299,55.560099,14.3625516
970.995817,info,1778157099399,55.5600988,14.3625511
971.097836,info,1778157099499,55.5600984,14.3625508
971.194001,info,1778157099599,55.5600981,14.3625505
971.295988,info,1778157099699,55.5600978,14.3625502
971.392065,info,1778157099799,55.5600974,14.36255
971.499933,info,1778157099899,55.5600969,14.3625496
971.595996,info,1778157100000,55.5600961,14.3625493
971.697954,info,1778157100099,55.5600955,14.3625489
971.794014,info,1778157100199,55.5600946,14.3625484
971.895966,info,1778157100299,55.5600936,14.3625479
971.997818,info,1778157100399,55.5600926,14.3625475
972.099827,info,1778157100499,55.5600915,14.3625471
972.195875,info,1778157100599,55.5600903,14.3625466
972.297803,info,1778157100699,55.560089,14.3625463
972.394001,info,1778157100799,55.5600877,14.362546
972.495951,info,1778157100899,55.5600862,14.3625458
972.597885,info,1778157101000,55.5600848,14.3625456
972.699865,info,1778157101099,55.560083,14.3625451
972.795953,info,1778157101199,55.5600814,14.3625447
972.898168,info,1778157101299,55.5600794,14.3625443
972.999794,info,1778157101399,55.5600774,14.362544
973.095859,info,1778157101499,55.5600752,14.3625437
973.197903,info,1778157101599,55.560073,14.3625434
973.299808,info,1778157101699,55.5600707,14.3625433
973.395972,info,1778157101799,55.5600683,14.3625434
973.497919,info,1778157101899,55.5600658,14.3625436
973.599962,info,1778157102000,55.5600635,14.3625436
973.695968,info,1778157102099,55.560061,14.3625438
973.797810,info,1778157102199,55.5600586,14.362544
973.893973,info,1778157102299,55.5600558,14.362544
973.995866,info,1778157102399,55.5600531,14.3625441
974.092015,info,1778157102499,55.5600504,14.3625442
974.194040,info,1778157102599,55.5600475,14.3625445
974.295813,info,1778157102699,55.5600446,14.3625449
974.397842,info,1778157102799,55.5600417,14.3625452
974.494004,info,1778157102899,55.5600388,14.3625456
974.595896,info,1778157103000,55.5600358,14.3625459
974.697823,info,1778157103099,55.5600327,14.3625462
974.793982,info,1778157103199,55.5600296,14.3625469
974.895859,info,1778157103299,55.5600264,14.3625475
974.997873,info,1778157103399,55.5600231,14.3625486
975.093967,info,1778157103499,55.5600198,14.3625494
975.196043,info,1778157103599,55.5600163,14.3625508
975.297959,info,1778157103699,55.560013,14.3625522
975.399911,info,1778157103799,55.5600098,14.3625529
975.496084,info,1778157103899,55.5600065,14.3625537
975.603892,info,1778157104000,55.560003,14.3625546
975.699929,info,1778157104099,55.5599995,14.3625552
975.801775,info,1778157104199,55.559996,14.362556
975.897805,info,1778157104299,55.5599923,14.362557
975.999906,info,1778157104399,55.5599887,14.362558
976.095967,info,1778157104499,55.5599852,14.3625591
976.197956,info,1778157104599,55.5599815,14.3625604
976.299777,info,1778157104699,55.5599779,14.3625617
976.395978,info,1778157104799,55.5599742,14.3625627
976.492009,info,1778157104899,55.5599704,14.3625639
976.599822,info,1778157105000,55.5599667,14.3625654
976.695811,info,1778157105099,55.559963,14.3625667
976.792017,info,1778157105199,55.5599593,14.3625681
976.893975,info,1778157105299,55.5599555,14.3625691
976.995780,info,1778157105399,55.5599516,14.3625699
977.097794,info,1778157105499,55.5599477,14.3625709
977.193954,info,1778157105599,55.5599436,14.3625716
977.295880,info,1778157105699,55.5599395,14.3625725
977.391953,info,1778157105799,55.5599355,14.3625733
977.494007,info,1778157105899,55.5599312,14.3625741
977.595927,info,1778157106000,55.5599274,14.3625748
977.697812,info,1778157106099,55.5599235,14.3625755
977.793897,info,1778157106199,55.5599194,14.3625762
977.895819,info,1778157106299,55.5599152,14.3625767
977.991990,info,1778157106399,55.5599111,14.3625773
978.100328,info,1778157106499,55.559907,14.3625779
978.195999,info,1778157106599,55.5599028,14.3625786
978.297814,info,1778157106699,55.5598987,14.3625792
978.399757,info,1778157106799,55.5598945,14.3625796
978.496345,info,1778157106899,55.5598902,14.3625801
978.597822,info,1778157107000,55.5598859,14.3625803
978.699912,info,1778157107099,55.5598815,14.3625805
978.795940,info,1778157107199,55.5598775,14.3625808
978.897811,info,1778157107299,55.5598733,14.3625808
978.993955,info,1778157107399,55.5598691,14.3625809
979.095910,info,1778157107499,55.5598648,14.3625811
979.191972,info,1778157107599,55.5598605,14.3625813
979.293907,info,1778157107699,55.5598562,14.3625815
979.395777,info,1778157107799,55.559852,14.3625819
979.491988,info,1778157107899,55.5598477,14.362582
979.599773,info,1778157108000,55.5598433,14.362582
979.695822,info,1778157108099,55.559839,14.3625822
979.791842,info,1778157108199,55.5598346,14.3625824
979.893948,info,1778157108299,55.5598303,14.3625827
979.991203,info,1778157108399,55.5598259,14.3625826
980.091869,info,1778157108499,55.5598216,14.3625828
980.193821,info,1778157108599,55.5598173,14.362583
980.290869,info,1778157108699,55.559813,14.362583
980.391864,info,1778157108799,55.5598089,14.3625827
980.493939,info,1778157108899,55.5598046,14.3625824
980.591149,info,1778157109000,55.5598002,14.3625824
980.692111,info,1778157109099,55.5597958,14.3625822
980.793934,info,1778157109199,55.5597914,14.3625822
980.895923,info,1778157109299,55.5597871,14.3625821
981.003777,info,1778157109399,55.5597828,14.3625818
981.099779,info,1778157109499,55.5597785,14.3625815
981.195980,info,1778157109599,55.5597742,14.362581
981.297809,info,1778157109699,55.5597699,14.3625804
981.399796,info,1778157109799,55.5597655,14.3625797
981.495961,info,1778157109899,55.5597611,14.362579
981.603768,info,1778157110000,55.5597566,14.3625782
981.699824,info,1778157110099,55.5597523,14.3625774
981.796060,info,1778157110199,55.5597479,14.3625763
981.897920,info,1778157110299,55.5597436,14.3625751
981.993942,info,1778157110399,55.5597394,14.3625739
982.095886,info,1778157110499,55.5597351,14.3625728
982.191972,info,1778157110599,55.559731,14.3625714
982.294182,info,1778157110699,55.5597268,14.3625699
982.395796,info,1778157110799,55.5597224,14.3625682
982.497877,info,1778157110899,55.5597181,14.3625665
982.593931,info,1778157111000,55.5597137,14.3625648
982.695853,info,1778157111099,55.5597094,14.3625632
982.791986,info,1778157111199,55.5597049,14.3625616
982.893930,info,1778157111299,55.5597007,14.36256
982.995847,info,1778157111399,55.5596963,14.3625585
983.091993,info,1778157111499,55.5596918,14.3625566
983.193881,info,1778157111599,55.5596876,14.3625545
983.295812,info,1778157111699,55.5596833,14.3625521
983.393616,info,1778157111799,55.5596791,14.3625495
983.493936,info,1778157111899,55.5596748,14.3625476
983.601875,info,1778157112000,55.5596708,14.3625455
983.703826,info,1778157112099,55.5596666,14.3625436
983.799776,info,1778157112199,55.5596623,14.3625419
983.901818,info,1778157112299,55.5596583,14.3625403
983.997849,info,1778157112399,55.5596543,14.3625385
984.099932,info,1778157112499,55.5596504,14.3625367
984.195891,info,1778157112599,55.5596467,14.3625348
984.297906,info,1778157112699,55.5596429,14.3625328
984.393978,info,1778157112799,55.5596393,14.3625309
984.495990,info,1778157112899,55.5596356,14.3625289
984.597808,info,1778157113000,55.559632,14.3625267
984.705826,info,1778157113099,55.5596287,14.3625246
984.795901,info,1778157113199,55.5596255,14.3625224
984.897747,info,1778157113299,55.5596225,14.3625197
984.993947,info,1778157113399,55.5596195,14.3625173
985.095981,info,1778157113499,55.5596165,14.362515
985.191962,info,1778157113599,55.5596135,14.3625126
985.299826,info,1778157113699,55.5596104,14.3625104
985.395834,info,1778157113799,55.5596074,14.3625085
985.497914,info,1778157113899,55.5596048,14.3625067
985.599917,info,1778157114000,55.559602,14.362505
985.695993,info,1778157114099,55.559599,14.3625031
985.791956,info,1778157114199,55.5595965,14.362501
985.893932,info,1778157114299,55.5595941,14.3624985
985.995820,info,1778157114399,55.5595917,14.3624962
986.097827,info,1778157114499,55.5595895,14.3624935
986.193912,info,1778157114599,55.5595872,14.3624906
986.295922,info,1778157114699,55.5595852,14.3624881
986.398203,info,1778157114799,55.559583,14.3624854
986.499939,info,1778157114899,55.559581,14.3624828
986.595897,info,1778157115000,55.5595789,14.3624803
986.697887,info,1778157115099,55.5595768,14.362478
986.799843,info,1778157115199,55.5595748,14.3624758
986.895852,info,1778157115299,55.5595726,14.3624739
986.997860,info,1778157115399,55.5595705,14.3624724
987.099765,info,1778157115499,55.5595687,14.3624708
987.195989,info,1778157115599,55.559567,14.3624691
987.297792,info,1778157115699,55.559565,14.3624675
987.399778,info,1778157115799,55.5595633,14.3624654
987.496078,info,1778157115899,55.5595617,14.3624633
987.597906,info,1778157116000,55.55956,14.3624608
987.693937,info,1778157116099,55.5595583,14.3624584
987.795943,info,1778157116199,55.5595565,14.3624564
987.891903,info,1778157116299,55.5595546,14.3624544
987.993949,info,1778157116399,55.5595528,14.3624527
988.095814,info,1778157116499,55.5595512,14.3624515
988.192027,info,1778157116599,55.5595496,14.3624505
988.297559,info,1778157116699,55.559548,14.3624491
988.395883,info,1778157116799,55.5595466,14.3624476
988.491961,info,1778157116899,55.5595451,14.3624458
988.599737,info,1778157117000,55.5595435,14.3624439
988.695929,info,1778157117099,55.5595422,14.3624416
988.797828,info,1778157117199,55.5595406,14.3624395
988.893901,info,1778157117299,55.5595391,14.3624371
988.995874,info,1778157117399,55.5595378,14.3624349
989.097788,info,1778157117499,55.5595364,14.3624329
989.199841,info,1778157117599,55.5595352,14.3624312
989.295918,info,1778157117699,55.559534,14.3624293
989.397879,info,1778157117799,55.5595327,14.3624274
989.499903,info,1778157117899,55.5595316,14.3624255
989.601748,info,1778157118000,55.5595303,14.3624236
989.697831,info,1778157118099,55.5595292,14.362422
989.793948,info,1778157118199,55.559528,14.3624203
989.895878,info,1778157118299,55.5595265,14.3624185
989.997728,info,1778157118399,55.5595251,14.3624171
990.099847,info,1778157118499,55.5595233,14.3624157
990.195953,info,1778157118599,55.5595217,14.3624145
990.292141,info,1778157118699,55.5595201,14.3624133
990.393925,info,1778157118799,55.5595186,14.3624122
990.495953,info,1778157118899,55.5595169,14.362411
990.593471,info,1778157119000,55.5595154,14.3624103
990.699749,info,1778157119099,55.559514,14.3624099
990.795896,info,1778157119199,55.5595128,14.3624096
990.894662,info,1778157119299,55.5595114,14.3624094
990.995062,info,1778157119399,55.5595101,14.3624094
991.095799,info,1778157119499,55.5595089,14.3624093
991.191973,info,1778157119599,55.5595075,14.3624089
991.293914,info,1778157119699,55.5595061,14.3624088
991.395765,info,1778157119799,55.5595048,14.3624085
991.491970,info,1778157119899,55.5595032,14.3624085
991.593959,info,1778157120000,55.559502,14.3624089
991.695950,info,1778157120099,55.5595007,14.3624094
991.791926,info,1778157120199,55.5594995,14.3624099
991.899894,info,1778157120299,55.5594984,14.3624106
991.995960,info,1778157120399,55.5594973,14.3624113
992.097783,info,1778157120499,55.5594963,14.3624122
992.199806,info,1778157120599,55.5594952,14.3624134
992.295850,info,1778157120699,55.559494,14.3624145
992.397762,info,1778157120799,55.5594926,14.3624155
992.499928,info,1778157120899,55.5594911,14.3624167
992.595991,info,1778157121000,55.5594896,14.3624182
992.697908,info,1778157121099,55.5594882,14.3624201
992.793949,info,1778157121199,55.5594867,14.3624223
992.895849,info,1778157121299,55.5594852,14.3624247
992.997761,info,1778157121399,55.5594837,14.362427
993.093867,info,1778157121499,55.5594823,14.3624296
993.191277,info,1778157121599,55.559481,14.3624323
993.291948,info,1778157121699,55.5594795,14.3624349
993.393915,info,1778157121799,55.559478,14.3624379
993.490992,info,1778157121899,55.5594764,14.3624412
993.597773,info,1778157122000,55.5594747,14.3624444
993.693940,info,1778157122099,55.559473,14.3624478
993.795850,info,1778157122199,55.5594713,14.3624511
993.891935,info,1778157122299,55.5594697,14.3624546
993.993835,info,1778157122399,55.5594679,14.362458
994.095894,info,1778157122499,55.5594661,14.3624616
994.191952,info,1778157122599,55.5594643,14.3624651
994.293940,info,1778157122699,55.5594624,14.3624686
994.395762,info,1778157122799,55.5594605,14.3624724
994.491972,info,1778157122899,55.5594585,14.3624761
994.593942,info,1778157123000,55.5594564,14.3624799
994.695994,info,1778157123099,55.5594544,14.3624837
994.797804,info,1778157123199,55.5594523,14.3624873
994.893959,info,1778157123299,55.5594502,14.3624908
994.995990,info,1778157123399,55.5594482,14.3624944
995.097800,info,1778157123499,55.5594459,14.362498
995.199824,info,1778157123599,55.5594435,14.3625015
995.295944,info,1778157123699,55.5594413,14.3625053
995.397875,info,1778157123799,55.5594388,14.3625091
995.499877,info,1778157123899,55.5594364,14.362513
995.601808,info,1778157124000,55.559434,14.362517
995.698813,info,1778157124099,55.5594314,14.3625209
995.799771,info,1778157124199,55.5594287,14.3625244
995.895873,info,1778157124299,55.5594261,14.3625277
995.991967,info,1778157124399,55.5594233,14.3625312
996.093818,info,1778157124499,55.5594205,14.3625348
996.195827,info,1778157124599,55.5594178,14.3625383
996.291929,info,1778157124699,55.5594149,14.3625419
996.393870,info,1778157124799,55.5594121,14.3625454
996.495880,info,1778157124899,55.5594094,14.3625492
996.592380,info,1778157125000,55.5594066,14.3625531
996.693801,info,1778157125099,55.5594036,14.3625566
996.795929,info,1778157125199,55.5594007,14.3625601
996.891900,info,1778157125299,55.5593977,14.3625632
996.993944,info,1778157125399,55.5593945,14.3625661
997.095829,info,1778157125499,55.5593913,14.3625691
997.191892,info,1778157125599,55.5593881,14.3625721
997.293751,info,1778157125699,55.5593849,14.362575
997.395865,info,1778157125799,55.5593816,14.362578
997.497869,info,1778157125899,55.5593783,14.362581
997.599782,info,1778157126000,55.5593749,14.3625841
997.701826,info,1778157126099,55.5593716,14.362587
997.797730,info,1778157126199,55.5593682,14.3625897
997.899742,info,1778157126299,55.5593648,14.3625924
997.995843,info,1778157126399,55.5593614,14.3625951
998.097817,info,1778157126499,55.5593579,14.3625975
998.193923,info,1778157126599,55.5593544,14.3626002
998.295911,info,1778157126699,55.5593508,14.3626027
998.397809,info,1778157126799,55.5593471,14.3626052
998.499903,info,1778157126899,55.5593435,14.3626077
998.595813,info,1778157127000,55.5593398,14.36261
998.697838,info,1778157127099,55.5593362,14.3626123
998.797040,info,1778157127199,55.5593324,14.3626147
998.895848,info,1778157127299,55.5593287,14.3626172
998.991950,info,1778157127399,55.5593249,14.3626199
999.093883,info,1778157127499,55.5593213,14.3626227
999.195761,info,1778157127599,55.5593177,14.3626255
999.297806,info,1778157127699,55.559314,14.3626282
999.393804,info,1778157127799,55.5593101,14.3626306
999.495947,info,1778157127899,55.5593063,14.3626333
999.597747,info,1778157128000,55.5593024,14.3626361
999.694462,info,1778157128099,55.5592986,14.3626391
999.795715,info,1778157128199,55.5592949,14.3626423
999.897729,info,1778157128299,55.5592911,14.3626452
999.993859,info,1778157128399,55.5592874,14.3626479
1000.095922,info,1778157128499,55.5592834,14.3626505
1000.197812,info,1778157128599,55.5592795,14.3626533
1000.299817,info,1778157128699,55.5592756,14.3626559
1000.395883,info,1778157128799,55.5592717,14.3626588
1000.497910,info,1778157128899,55.5592679,14.3626616
1000.593917,info,1778157129000,55.5592639,14.3626646
1000.701933,info,1778157129099,55.55926,14.3626675
1000.797828,info,1778157129199,55.559256,14.3626709
1000.899839,info,1778157129299,55.5592521,14.362674
1000.995869,info,1778157129399,55.5592481,14.3626773
1001.099196,info,1778157129499,55.5592443,14.3626806
1001.193908,info,1778157129599,55.5592404,14.362684
1001.295910,info,1778157129699,55.5592365,14.3626877
1001.397723,info,1778157129799,55.5592325,14.3626914
1001.499866,info,1778157129899,55.5592286,14.3626949
1001.601757,info,1778157130000,55.5592246,14.3626987
1001.697855,info,1778157130099,55.5592207,14.3627024
1001.794230,info,1778157130199,55.5592169,14.3627062
1001.895847,info,1778157130299,55.559213,14.3627102
1001.994655,info,1778157130399,55.5592092,14.3627142
1002.099850,info,1778157130499,55.5592055,14.3627183
1002.195800,info,1778157130599,55.5592017,14.3627227
1002.297738,info,1778157130699,55.5591979,14.3627272
1002.396481,info,1778157130799,55.559194,14.3627318
1002.495885,info,1778157130899,55.5591903,14.3627363
1002.594867,info,1778157131000,55.5591868,14.3627407
1002.697787,info,1778157131099,55.559183,14.3627447
1002.795836,info,1778157131199,55.5591793,14.3627485
1002.897766,info,1778157131299,55.5591756,14.3627525
1002.999754,info,1778157131399,55.559172,14.3627563
1003.095912,info,1778157131499,55.5591686,14.3627599
1003.197819,info,1778157131599,55.5591652,14.3627635
1003.293937,info,1778157131699,55.559162,14.3627667
1003.395961,info,1778157131799,55.5591588,14.36277
1003.497862,info,1778157131899,55.5591558,14.3627733
1003.599840,info,1778157132000,55.5591528,14.3627763
1003.696047,info,1778157132099,55.55915,14.3627795
1003.797788,info,1778157132199,55.5591473,14.3627824
1003.893945,info,1778157132299,55.5591446,14.362785
1003.995919,info,1778157132399,55.5591422,14.3627873
1004.091949,info,1778157132499,55.5591396,14.3627896
1004.193893,info,1778157132599,55.5591371,14.3627919
1004.295820,info,1778157132699,55.5591346,14.3627939
1004.391965,info,1778157132799,55.5591323,14.3627957
1004.493927,info,1778157132899,55.5591299,14.3627975
1004.596904,info,1778157133000,55.5591277,14.3627993
1004.691916,info,1778157133099,55.5591257,14.362801
1004.793879,info,1778157133199,55.5591237,14.3628028
1004.895743,info,1778157133299,55.5591219,14.3628044
1004.991980,info,1778157133399,55.5591201,14.3628059
1005.093950,info,1778157133499,55.5591183,14.3628072
1005.195836,info,1778157133599,55.5591167,14.3628087
1005.291907,info,1778157133699,55.5591152,14.3628102
1005.393916,info,1778157133799,55.5591138,14.3628118
1005.495867,info,1778157133899,55.5591125,14.3628135
1005.597890,info,1778157134000,55.5591113,14.3628151
1005.699811,info,1778157134099,55.5591101,14.3628165
1005.801745,info,1778157134199,55.559109,14.3628178
1005.897833,info,1778157134299,55.5591079,14.3628188
1005.999808,info,1778157134399,55.5591068,14.3628194
1006.096852,info,1778157134499,55.5591057,14.3628201
1006.197888,info,1778157134599,55.5591045,14.3628205
1006.299835,info,1778157134699,55.5591034,14.3628211
1006.395932,info,1778157134799,55.5591022,14.3628216
1006.497898,info,1778157134899,55.559101,14.3628223
1006.599810,info,1778157135000,55.5591,14.3628229
1006.696969,info,1778157135099,55.5590989,14.3628239
1006.797901,info,1778157135199,55.559098,14.362825
1006.899718,info,1778157135299,55.5590972,14.3628265
1006.995863,info,1778157135399,55.5590963,14.362828
1007.097756,info,1778157135499,55.5590953,14.3628292
1007.193845,info,1778157135599,55.5590943,14.3628307
1007.295810,info,1778157135699,55.5590933,14.3628317
1007.391912,info,1778157135799,55.5590924,14.3628325
1007.493926,info,1778157135899,55.5590914,14.3628333
1007.595861,info,1778157136000,55.5590904,14.3628337
1007.691949,info,1778157136099,55.5590893,14.362834
1007.793823,info,1778157136199,55.5590884,14.3628342
1007.991845,info,1778157136299,55.5590865,14.3628344
1008.093832,info,1778157136399,55.5590857,14.3628346
1008.195627,info,1778157136499,55.559085,14.3628349
1008.291869,info,1778157136599,55.5590844,14.3628353
1008.393818,info,1778157136699,55.5590839,14.3628359
1008.495852,info,1778157136799,55.5590835,14.3628369
1008.597756,info,1778157136899,55.559083,14.3628377
1008.699812,info,1778157137000,55.5590826,14.3628386
1008.795737,info,1778157137099,55.5590821,14.3628391
1008.897704,info,1778157137199,55.5590815,14.3628394
1008.993808,info,1778157137299,55.5590809,14.3628395
1009.095792,info,1778157137399,55.5590803,14.362839
1009.197724,info,1778157137499,55.5590796,14.3628387
1009.299697,info,1778157137599,55.5590791,14.362838
1009.395758,info,1778157137699,55.5590784,14.3628374
1009.497792,info,1778157137799,55.5590779,14.3628372
1009.599587,info,1778157137899,55.5590775,14.3628369
1009.695746,info,1778157138000,55.5590771,14.3628367
1009.791865,info,1778157138099,55.5590766,14.3628369
1009.893700,info,1778157138199,55.5590764,14.3628373
1009.995615,info,1778157138299,55.5590762,14.3628378
1010.091836,info,1778157138399,55.5590759,14.3628384
1010.193660,info,1778157138499,55.5590757,14.3628389
1010.295792,info,1778157138599,55.5590754,14.3628393
1010.391861,info,1778157138699,55.5590752,14.3628398
1010.494576,info,1778157138799,55.5590748,14.3628402
1010.595699,info,1778157138899,55.5590745,14.3628405
1010.693265,info,1778157139000,55.5590742,14.3628406
1010.793690,info,1778157139099,55.5590739,14.3628406
1010.895700,info,1778157139199,55.5590736,14.3628402
1010.991862,info,1778157139299,55.5590733,14.36284
1011.093680,info,1778157139399,55.5590729,14.3628395
1011.195802,info,1778157139499,55.5590726,14.3628391
1011.297687,info,1778157139599,55.5590724,14.3628389
1011.399603,info,1778157139699,55.5590721,14.3628387
1011.497743,info,1778157139799,55.5590718,14.3628384
1011.603595,info,1778157139899,55.5590716,14.3628385
1011.699669,info,1778157140000,55.5590715,14.3628385
1011.795753,info,1778157140099,55.5590712,14.3628383
1011.897624,info,1778157140199,55.5590711,14.3628382
1011.999602,info,1778157140299,55.5590708,14.3628382
1012.095685,info,1778157140399,55.5590706,14.3628381
1012.197647,info,1778157140499,55.5590704,14.3628378
1012.300059,info,1778157140599,55.5590702,14.3628375
1012.395755,info,1778157140699,55.55907,14.362837
1012.491856,info,1778157140799,55.5590698,14.3628364
1012.593824,info,1778157140899,55.5590696,14.3628359
1012.695712,info,1778157141000,55.5590693,14.3628353
1012.791874,info,1778157141099,55.559069,14.3628346
1012.893709,info,1778157141199,55.5590686,14.362834
1012.995648,info,1778157141299,55.5590685,14.3628338
1013.091763,info,1778157141399,55.5590682,14.3628334
1013.193741,info,1778157141499,55.5590679,14.3628332
1013.295723,info,1778157141599,55.5590676,14.3628329
1013.397633,info,1778157141699,55.5590674,14.3628327
1013.493829,info,1778157141799,55.5590671,14.3628326
1013.595769,info,1778157141899,55.5590669,14.3628324
1013.691878,info,1778157142000,55.5590667,14.3628321
1013.793860,info,1778157142099,55.5590665,14.362832
1013.895718,info,1778157142199,55.5590662,14.3628316
1013.997788,info,1778157142299,55.5590661,14.3628313
1014.093812,info,1778157142399,55.5590659,14.3628311
1014.195772,info,1778157142499,55.5590657,14.3628308
1014.297820,info,1778157142699,55.5590656,14.3628306
1014.399769,info,1778157142799,55.5590655,14.3628303
1014.495869,info,1778157142899,55.5590653,14.3628299
1014.597869,info,1778157143000,55.559065,14.3628295
1014.699745,info,1778157143099,55.5590649,14.3628293
1014.795883,info,1778157143199,55.5590647,14.3628289
1014.897753,info,1778157143299,55.5590644,14.3628289
1014.999767,info,1778157143399,55.5590641,14.3628289
1015.095833,info,1778157143499,55.5590637,14.3628289
1015.197792,info,1778157143599,55.5590635,14.362829
1015.293872,info,1778157143699,55.5590633,14.3628292
1015.395973,info,1778157143799,55.5590631,14.3628296
1015.492307,info,1778157143899,55.5590629,14.3628299
1015.599856,info,1778157144000,55.5590627,14.3628301
1015.695867,info,1778157144099,55.5590624,14.3628304
1015.797802,info,1778157144199,55.5590623,14.3628303
1015.893855,info,1778157144299,55.559062,14.3628304
1015.995887,info,1778157144399,55.5590616,14.3628303
1016.091902,info,1778157144499,55.5590613,14.36283
1016.193882,info,1778157144599,55.5590609,14.3628296
1016.295693,info,1778157144699,55.5590608,14.3628291
1016.397716,info,1778157144799,55.5590606,14.3628284
1016.494140,info,1778157144899,55.5590604,14.3628277
1016.595789,info,1778157145000,55.5590602,14.3628269
1016.697789,info,1778157145099,55.55906,14.3628262
1016.799746,info,1778157145199,55.5590597,14.3628253
1016.901692,info,1778157145299,55.5590595,14.3628244
1016.997772,info,1778157145399,55.5590592,14.3628236
1017.099755,info,1778157145499,55.559059,14.3628228
1017.195802,info,1778157145599,55.5590588,14.362822
1017.297816,info,1778157145699,55.5590585,14.3628213
1017.393893,info,1778157145799,55.5590582,14.3628206
1017.501822,info,1778157145899,55.5590583,14.36282
1017.597905,info,1778157146000,55.5590581,14.3628193
1017.699787,info,1778157146099,55.559058,14.3628186
1017.795835,info,1778157146199,55.5590576,14.3628176
1017.897766,info,1778157146299,55.5590573,14.3628169
1017.993856,info,1778157146399,55.5590568,14.362816
1018.095824,info,1778157146499,55.5590562,14.362815
1018.191946,info,1778157146599,55.5590557,14.3628143
1018.293849,info,1778157146699,55.5590551,14.3628135
1018.395671,info,1778157146799,55.5590546,14.3628127
1018.497834,info,1778157146899,55.5590544,14.3628121
1018.593837,info,1778157147000,55.5590542,14.3628114
1018.698285,info,1778157147099,55.5590542,14.362811
1018.797679,info,1778157147199,55.5590543,14.3628103
1018.893828,info,1778157147299,55.5590544,14.3628098
1018.995751,info,1778157147399,55.5590544,14.3628092
1019.097751,info,1778157147499,55.5590545,14.3628088
1019.193751,info,1778157147599,55.5590543,14.3628087
1019.295768,info,1778157147699,55.559054,14.3628083
1019.397711,info,1778157147799,55.5590538,14.3628079
1019.499835,info,1778157147899,55.5590533,14.3628072
1019.595876,info,1778157148000,55.5590529,14.3628068
1019.698028,info,1778157148099,55.5590526,14.3628061
1019.795998,info,1778157148199,55.5590523,14.3628055
1019.896358,info,1778157148299,55.559052,14.362805
1019.997723,info,1778157148399,55.559052,14.3628047
1020.099785,info,1778157148499,55.559052,14.3628042
1020.197590,info,1778157148599,55.5590523,14.3628041
1020.297974,info,1778157148699,55.5590525,14.3628041
1020.393856,info,1778157148799,55.5590528,14.3628046
1020.495881,info,1778157148899,55.559053,14.3628048
1020.597801,info,1778157149000,55.5590531,14.362805
1020.693849,info,1778157149099,55.5590532,14.3628052
1020.795693,info,1778157149199,55.5590533,14.3628055
1020.891840,info,1778157149299,55.5590531,14.3628054
1020.993691,info,1778157149399,55.559053,14.3628053
1021.095691,info,1778157149499,55.559053,14.3628055
1021.191840,info,1778157149599,55.5590529,14.3628053
1021.293731,info,1778157149699,55.5590528,14.3628051
1021.395784,info,1778157149799,55.5590527,14.3628047
1021.491908,info,1778157149899,55.5590528,14.3628045
1021.599734,info,1778157150000,55.5590528,14.362804
1021.701776,info,1778157150099,55.5590528,14.3628037
1021.797743,info,1778157150199,55.5590529,14.3628032
1021.896747,info,1778157150299,55.5590531,14.3628027
1021.995836,info,1778157150399,55.5590533,14.3628021
1022.097762,info,1778157150499,55.5590535,14.3628016
1022.193881,info,1778157150599,55.5590535,14.3628012
1022.295832,info,1778157150699,55.5590534,14.3628005
1022.397786,info,1778157150799,55.5590534,14.3627999
1022.499859,info,1778157150899,55.5590534,14.3627994
1022.597435,info,1778157151000,55.5590534,14.3627989
1022.697861,info,1778157151099,55.5590533,14.3627982
1022.793819,info,1778157151199,55.5590534,14.3627977
1022.895773,info,1778157151299,55.5590534,14.3627971
1022.997702,info,1778157151399,55.5590535,14.3627964
1023.093991,info,1778157151499,55.5590536,14.3627958
1023.195906,info,1778157151599,55.5590537,14.3627951
1023.297846,info,1778157151699,55.5590539,14.3627945
1023.393839,info,1778157151799,55.559054,14.3627938
1023.495807,info,1778157151899,55.559054,14.3627932
1023.597847,info,1778157152000,55.5590539,14.3627925
1023.693799,info,1778157152099,55.5590539,14.362792
1023.795655,info,1778157152199,55.5590537,14.3627914
1023.897685,info,1778157152299,55.5590534,14.3627908
1023.993771,info,1778157152399,55.5590532,14.3627905
1024.095705,info,1778157152499,55.5590532,14.3627901
1024.191814,info,1778157152599,55.5590532,14.3627897
1024.293836,info,1778157152699,55.5590532,14.3627895
1024.390709,info,1778157152799,55.5590532,14.3627894
1024.497800,info,1778157152899,55.5590532,14.362789
1024.593857,info,1778157153000,55.5590532,14.3627889
1024.695771,info,1778157153099,55.559053,14.3627888
1024.791966,info,1778157153199,55.5590528,14.3627886
1024.893848,info,1778157153299,55.5590526,14.3627885
1024.995846,info,1778157153399,55.5590524,14.3627883
1025.097755,info,1778157153499,55.5590519,14.3627881
1025.199670,info,1778157153599,55.5590517,14.3627877
1025.295725,info,1778157153699,55.5590514,14.3627874
1025.397684,info,1778157153799,55.5590512,14.3627869
1025.493870,info,1778157153899,55.5590511,14.3627863
1025.601752,info,1778157154000,55.559051,14.3627856
1025.691905,info,1778157154099,55.5590511,14.3627852
1025.793840,info,1778157154199,55.5590511,14.3627847
1025.896152,info,1778157154299,55.559051,14.3627844
1025.998241,info,1778157154399,55.5590508,14.3627842
1026.093832,info,1778157154499,55.5590505,14.3627841
1026.195714,info,1778157154599,55.55905,14.3627841
1026.291864,info,1778157154699,55.5590499,14.3627842
1026.393778,info,1778157154799,55.5590495,14.3627845
1026.490141,info,1778157154899,55.5590492,14.3627845
1026.597702,info,1778157155000,55.5590489,14.3627844
1026.693751,info,1778157155099,55.5590487,14.3627843
1026.795732,info,1778157155199,55.5590485,14.3627841
1026.891864,info,1778157155299,55.5590484,14.3627838
1026.999765,info,1778157155399,55.5590483,14.3627833
1027.096749,info,1778157155499,55.5590482,14.3627831
1027.197655,info,1778157155599,55.5590477,14.362783
1027.293840,info,1778157155699,55.5590474,14.3627827
1027.395755,info,1778157155799,55.559047,14.3627828
1027.497788,info,1778157155899,55.5590466,14.3627828
1027.599741,info,1778157156000,55.5590461,14.3627826
1027.695898,info,1778157156099,55.5590458,14.3627826
1027.797692,info,1778157156199,55.5590455,14.3627826
1027.899696,info,1778157156299,55.5590452,14.3627825
1027.995795,info,1778157156399,55.5590451,14.3627826
1028.097797,info,1778157156499,55.5590449,14.3627828
1028.193753,info,1778157156599,55.5590446,14.3627831
1028.295833,info,1778157156699,55.5590443,14.3627834
1028.397690,info,1778157156799,55.559044,14.3627839
1028.499842,info,1778157156899,55.5590437,14.3627845
1028.595709,info,1778157157000,55.5590433,14.3627848
1028.697788,info,1778157157099,55.5590431,14.3627851
1028.793833,info,1778157157199,55.5590429,14.3627851
1028.895766,info,1778157157299,55.5590428,14.3627848
1028.991872,info,1778157157399,55.5590426,14.3627844
1029.093770,info,1778157157499,55.5590425,14.362784
1029.195674,info,1778157157599,55.5590423,14.3627836
1029.291852,info,1778157157699,55.5590423,14.3627834
1029.390418,info,1778157157799,55.5590421,14.3627833
1029.495799,info,1778157157899,55.5590418,14.3627835
1029.597669,info,1778157158000,55.5590416,14.3627841
1029.693753,info,1778157158099,55.5590414,14.3627846
1029.795674,info,1778157158199,55.5590411,14.3627853
1029.891832,info,1778157158299,55.559041,14.362786
1029.990418,info,1778157158399,55.5590409,14.3627865
1030.095708,info,1778157158499,55.5590408,14.3627868
1030.191847,info,1778157158599,55.5590407,14.362787
1030.293807,info,1778157158699,55.5590404,14.3627869
1030.395673,info,1778157158799,55.5590403,14.3627868
1030.497872,info,1778157158899,55.55904,14.3627867
1030.593885,info,1778157159000,55.5590398,14.3627864
1030.695903,info,1778157159099,55.5590396,14.3627863
1030.797675,info,1778157159199,55.5590393,14.3627861
1030.899725,info,1778157159299,55.559039,14.3627862
1030.995784,info,1778157159399,55.5590387,14.3627862
1031.097763,info,1778157159499,55.5590384,14.3627863
1031.193889,info,1778157159599,55.5590381,14.3627864
1031.295878,info,1778157159699,55.5590379,14.3627867
1031.397745,info,1778157159799,55.5590377,14.3627867
1031.499796,info,1778157159899,55.5590373,14.3627865
1031.601726,info,1778157160000,55.5590371,14.3627867
1031.697655,info,1778157160099,55.5590368,14.3627867
1031.793698,info,1778157160199,55.5590364,14.3627867
1031.895728,info,1778157160299,55.559036,14.3627866
1031.991817,info,1778157160399,55.5590357,14.3627866
1032.093741,info,1778157160499,55.5590355,14.3627867
1032.195650,info,1778157160599,55.5590351,14.3627868
1032.291791,info,1778157160699,55.559035,14.3627868
1032.393687,info,1778157160799,55.5590349,14.3627869
1032.495777,info,1778157160899,55.5590348,14.362787
1032.591790,info,1778157161000,55.5590348,14.3627871
1032.693799,info,1778157161099,55.5590347,14.3627873
1032.790175,info,1778157161199,55.5590347,14.3627876
1032.891783,info,1778157161299,55.5590348,14.362788
1032.993733,info,1778157161399,55.5590348,14.3627882
1033.095684,info,1778157161499,55.5590347,14.3627887
1033.197658,info,1778157161599,55.5590348,14.3627894
1033.299698,info,1778157161699,55.5590349,14.3627901
1033.395888,info,1778157161799,55.5590349,14.3627908
1033.497889,info,1778157161899,55.5590348,14.3627915
1033.599787,info,1778157162000,55.5590347,14.3627921
1033.695788,info,1778157162099,55.5590346,14.3627928
1033.797816,info,1778157162199,55.5590346,14.3627934
1033.899694,info,1778157162299,55.5590344,14.362794
1033.995880,info,1778157162399,55.5590344,14.3627948
1034.097691,info,1778157162499,55.5590343,14.3627954
1034.199691,info,1778157162599,55.5590344,14.3627962
1034.295820,info,1778157162699,55.5590346,14.362797
1034.397927,info,1778157162799,55.5590347,14.3627975
1034.493854,info,1778157162899,55.5590348,14.3627981
1034.595867,info,1778157163000,55.5590348,14.3627986
1034.697727,info,1778157163099,55.559035,14.362799
1034.799639,info,1778157163199,55.5590349,14.3627995
1034.895698,info,1778157163299,55.5590349,14.3627999
1034.997714,info,1778157163399,55.5590349,14.3628002
1035.093760,info,1778157163499,55.559035,14.3628006
1035.195720,info,1778157163599,55.5590349,14.362801
1035.291878,info,1778157163699,55.5590349,14.3628014
1035.399683,info,1778157163799,55.5590348,14.3628017
1035.495781,info,1778157163899,55.559035,14.3628022
1035.603694,info,1778157164000,55.559035,14.3628025
1035.693729,info,1778157164099,55.5590352,14.3628028
1035.795648,info,1778157164199,55.5590353,14.3628031
1035.891809,info,1778157164299,55.5590354,14.362803
1035.993782,info,1778157164399,55.5590355,14.3628031
1036.095829,info,1778157164499,55.5590357,14.3628031
1036.197678,info,1778157164599,55.5590359,14.3628032
1036.299711,info,1778157164699,55.5590361,14.3628031
1036.395835,info,1778157164799,55.5590364,14.3628033
1036.497839,info,1778157164899,55.5590365,14.3628034
1036.599665,info,1778157165000,55.5590369,14.3628036
1036.695848,info,1778157165099,55.5590371,14.362804
1036.797689,info,1778157165199,55.5590375,14.3628045
1036.899696,info,1778157165299,55.5590377,14.3628046
1036.995776,info,1778157165399,55.5590379,14.3628049
1037.097776,info,1778157165499,55.5590382,14.3628051
1037.193792,info,1778157165599,55.5590383,14.3628054
1037.295717,info,1778157165699,55.5590386,14.3628057
1037.391869,info,1778157165799,55.5590388,14.362806
1037.493864,info,1778157165899,55.5590391,14.3628065
1037.601663,info,1778157166000,55.5590394,14.3628072
1037.697631,info,1778157166099,55.5590398,14.362808
1037.793787,info,1778157166199,55.5590402,14.3628089
1037.895818,info,1778157166299,55.5590407,14.3628099
1037.997650,info,1778157166399,55.5590409,14.3628107
1038.099699,info,1778157166499,55.5590411,14.3628117
1038.195701,info,1778157166599,55.5590415,14.3628125
1038.297679,info,1778157166699,55.5590417,14.362813
1038.393780,info,1778157166799,55.559042,14.3628133
1038.495813,info,1778157166899,55.5590423,14.3628134
1038.597615,info,1778157167000,55.5590426,14.3628132
1038.699736,info,1778157167099,55.5590428,14.3628126
1038.795839,info,1778157167199,55.559043,14.3628121
1038.897807,info,1778157167299,55.5590432,14.3628115
1038.993864,info,1778157167399,55.5590435,14.3628106
1039.096015,info,1778157167499,55.5590437,14.3628095
1039.197732,info,1778157167599,55.5590437,14.3628083
1039.299668,info,1778157167699,55.5590438,14.362807
1039.395753,info,1778157167799,55.5590438,14.3628056
1039.497833,info,1778157167899,55.5590439,14.362804
1039.599794,info,1778157168000,55.5590438,14.3628022
1039.695813,info,1778157168099,55.5590439,14.3628005
1039.791875,info,1778157168199,55.5590438,14.3627986
1039.899831,info,1778157168299,55.5590438,14.3627968
1039.995697,info,1778157168399,55.5590437,14.3627949
1040.091918,info,1778157168499,55.5590436,14.3627931
1040.193770,info,1778157168599,55.5590436,14.3627913
1040.295642,info,1778157168699,55.5590436,14.3627896
1040.391892,info,1778157168799,55.5590437,14.362788
1040.493801,info,1778157168899,55.5590437,14.3627865
1040.595759,info,1778157169000,55.5590436,14.3627848
1040.691950,info,1778157169099,55.5590435,14.3627833
1040.793773,info,1778157169199,55.5590435,14.3627818
1040.895865,info,1778157169299,55.5590433,14.3627802
1040.997725,info,1778157169399,55.559043,14.3627788
1041.093803,info,1778157169499,55.5590428,14.3627776
1041.195824,info,1778157169599,55.5590424,14.3627764
1041.291901,info,1778157169699,55.5590421,14.3627754
1041.393861,info,1778157169799,55.5590419,14.3627744
1041.495814,info,1778157169899,55.5590417,14.3627736
1041.603823,info,1778157170000,55.5590417,14.362773
1041.693909,info,1778157170099,55.5590416,14.3627724
1041.795831,info,1778157170199,55.5590415,14.3627719
1041.897642,info,1778157170299,55.5590413,14.3627713
1041.999704,info,1778157170399,55.559041,14.3627708
1042.095908,info,1778157170499,55.5590406,14.36277
1042.197734,info,1778157170599,55.55904,14.3627693
1042.293790,info,1778157170699,55.5590394,14.3627688
1042.395761,info,1778157170799,55.5590388,14.3627683
1042.491895,info,1778157170899,55.5590385,14.362768
1042.593828,info,1778157171000,55.5590383,14.3627677
1042.695661,info,1778157171099,55.559038,14.3627675
1042.791807,info,1778157171199,55.5590377,14.3627675
1042.893734,info,1778157171299,55.5590373,14.3627673
1042.995687,info,1778157171399,55.5590369,14.3627669
1043.091800,info,1778157171499,55.5590362,14.3627663
1043.193692,info,1778157171599,55.5590354,14.3627655
1043.295647,info,1778157171699,55.5590345,14.3627643
1043.391863,info,1778157171799,55.5590339,14.3627633
1043.493787,info,1778157171899,55.5590334,14.3627626
1043.595816,info,1778157172000,55.5590328,14.3627618
1043.691766,info,1778157172099,55.5590325,14.362761
1043.793664,info,1778157172199,55.5590322,14.3627598
1043.895609,info,1778157172299,55.5590321,14.3627588
1043.991846,info,1778157172399,55.5590322,14.3627576
1044.093825,info,1778157172499,55.5590324,14.3627561
1044.195652,info,1778157172599,55.5590327,14.3627542
1044.297613,info,1778157172699,55.5590331,14.3627522
1044.394092,info,1778157172799,55.5590336,14.3627502
1044.495798,info,1778157172899,55.5590343,14.362748
1044.597718,info,1778157173000,55.559035,14.3627455
1044.699676,info,1778157173099,55.5590359,14.3627431
1044.795773,info,1778157173199,55.559037,14.362741
1044.897794,info,1778157173299,55.5590382,14.3627389
1044.999694,info,1778157173399,55.5590397,14.3627372
1045.095804,info,1778157173499,55.5590412,14.3627356
1045.197663,info,1778157173599,55.5590429,14.362734
1045.299656,info,1778157173699,55.5590447,14.3627323
1045.395829,info,1778157173799,55.5590465,14.3627305
1045.497836,info,1778157173899,55.5590484,14.3627288
1045.599661,info,1778157174000,55.5590503,14.3627272
1045.695800,info,1778157174099,55.5590523,14.3627253
1045.791844,info,1778157174199,55.5590543,14.3627236
1045.893785,info,1778157174299,55.5590564,14.3627217
1045.995670,info,1778157174399,55.5590587,14.3627199
1046.097625,info,1778157174499,55.559061,14.3627186
1046.193659,info,1778157174599,55.5590635,14.3627173
1046.295663,info,1778157174699,55.5590659,14.3627163
1046.391925,info,1778157174799,55.5590685,14.3627155
1046.493827,info,1778157174899,55.5590712,14.362715
1046.595633,info,1778157175000,55.5590739,14.3627149
1046.697748,info,1778157175099,55.5590767,14.3627149
1046.793771,info,1778157175199,55.5590796,14.3627149
1046.895883,info,1778157175299,55.5590824,14.362715
1046.997648,info,1778157175399,55.5590854,14.3627149
1047.099721,info,1778157175499,55.5590882,14.3627149
1047.196955,info,1778157175599,55.5590912,14.362715
1047.297777,info,1778157175699,55.5590943,14.3627152
1047.399915,info,1778157175799,55.5590973,14.3627153
1047.501836,info,1778157175899,55.5591004,14.3627157
1047.603682,info,1778157176000,55.5591035,14.3627162
1047.699625,info,1778157176099,55.5591067,14.3627167
1047.795795,info,1778157176199,55.5591099,14.3627173
1047.897682,info,1778157176299,55.559113,14.3627179
1047.999637,info,1778157176399,55.5591163,14.3627183
1048.095735,info,1778157176499,55.5591195,14.3627187
1048.197741,info,1778157176599,55.5591229,14.3627192
1048.293742,info,1778157176699,55.5591262,14.3627194
1048.395657,info,1778157176799,55.5591295,14.3627194
1048.491881,info,1778157176899,55.559133,14.3627193
1048.593796,info,1778157177000,55.5591362,14.3627191
1048.695675,info,1778157177099,55.5591395,14.3627187
1048.791836,info,1778157177199,55.5591429,14.3627182
1048.893695,info,1778157177299,55.5591462,14.3627175
1048.995620,info,1778157177399,55.5591496,14.3627167
1049.091975,info,1778157177499,55.5591529,14.362716
1049.193740,info,1778157177599,55.5591564,14.3627152
1049.397649,info,1778157177799,55.5591635,14.3627136
1049.493822,info,1778157177899,55.559167,14.3627127
1049.595801,info,1778157178000,55.5591706,14.362712
1049.697634,info,1778157178099,55.5591741,14.3627113
1049.799664,info,1778157178199,55.5591777,14.3627105
1049.895783,info,1778157178299,55.5591814,14.3627098
1049.997813,info,1778157178399,55.5591852,14.3627092
1050.099596,info,1778157178499,55.5591889,14.3627086
1050.195786,info,1778157178599,55.5591927,14.3627079
1050.297679,info,1778157178699,55.5591965,14.3627074
1050.399891,info,1778157178799,55.5592002,14.3627066
1050.495781,info,1778157178899,55.5592039,14.362706
1050.597746,info,1778157179000,55.5592078,14.3627054
1050.699629,info,1778157179099,55.5592116,14.3627049
1050.795767,info,1778157179199,55.5592154,14.3627043
1050.897629,info,1778157179299,55.5592193,14.3627038
1050.998154,info,1778157179399,55.5592232,14.3627031
1051.095605,info,1778157179499,55.5592272,14.3627026
1051.197607,info,1778157179599,55.5592312,14.3627023
1051.293678,info,1778157179699,55.5592352,14.3627022
1051.395712,info,1778157179799,55.5592392,14.362702
1051.497748,info,1778157179899,55.5592432,14.3627021
1051.599690,info,1778157180000,55.5592472,14.3627022
1051.695962,info,1778157180099,55.5592512,14.3627023
1051.797608,info,1778157180199,55.5592553,14.3627024
1051.893666,info,1778157180299,55.5592594,14.3627023
1051.995637,info,1778157180399,55.5592636,14.3627024
1052.097594,info,1778157180499,55.5592678,14.3627025
1052.193679,info,1778157180599,55.559272,14.3627027
1052.295777,info,1778157180699,55.5592762,14.3627032
1052.397657,info,1778157180799,55.5592804,14.3627038
1052.493783,info,1778157180899,55.5592846,14.3627047
1052.595803,info,1778157181000,55.5592889,14.3627056
1052.697741,info,1778157181099,55.5592931,14.3627069
1052.793782,info,1778157181199,55.5592974,14.3627082
1052.901597,info,1778157181299,55.5593018,14.3627094
1052.997637,info,1778157181399,55.5593061,14.3627105
1053.099610,info,1778157181499,55.5593105,14.3627118
1053.195642,info,1778157181599,55.5593149,14.3627132
1053.299798,info,1778157181699,55.5593193,14.3627147
1053.399726,info,1778157181799,55.5593237,14.3627163
1053.495766,info,1778157181899,55.5593281,14.3627181
1053.603819,info,1778157182000,55.5593326,14.3627199
1053.699586,info,1778157182099,55.5593368,14.3627221
1053.795722,info,1778157182199,55.5593412,14.3627244
1053.891810,info,1778157182299,55.5593455,14.3627265
1053.993687,info,1778157182399,55.5593499,14.362729
1054.095827,info,1778157182499,55.5593542,14.3627314
1054.191816,info,1778157182599,55.5593585,14.3627339
1054.293763,info,1778157182699,55.5593628,14.3627366
1054.398382,info,1778157182799,55.559367,14.3627394
1054.491789,info,1778157182899,55.5593713,14.3627426
1054.593739,info,1778157183000,55.5593753,14.3627458
1054.695678,info,1778157183099,55.5593794,14.3627493
1054.797582,info,1778157183199,55.5593833,14.362753
1054.893664,info,1778157183299,55.5593872,14.3627569
1054.990709,info,1778157183399,55.559391,14.3627612
1055.091811,info,1778157183499,55.5593949,14.3627658
1055.193923,info,1778157183599,55.5593986,14.3627704
1055.296472,info,1778157183699,55.5594023,14.3627749
1055.398370,info,1778157183799,55.559406,14.3627792
1055.493789,info,1778157183899,55.5594097,14.3627838
1055.601729,info,1778157184000,55.5594133,14.3627885
1055.697651,info,1778157184099,55.5594168,14.3627932
1055.799580,info,1778157184199,55.5594204,14.362798
1055.895710,info,1778157184299,55.559424,14.3628031
1055.997729,info,1778157184399,55.5594274,14.3628084
1056.093722,info,1778157184499,55.5594309,14.362814
1056.195757,info,1778157184599,55.5594344,14.3628198
1056.297648,info,1778157184699,55.5594376,14.3628258
1056.400074,info,1778157184799,55.5594407,14.362832
1056.495731,info,1778157184899,55.5594434,14.3628379
1056.597573,info,1778157185000,55.5594465,14.3628438
1056.693646,info,1778157185099,55.5594493,14.3628499
1056.795646,info,1778157185199,55.5594521,14.3628559
1056.891762,info,1778157185299,55.5594548,14.3628617
1056.993657,info,1778157185399,55.5594574,14.3628674
1057.090405,info,1778157185499,55.55946,14.3628732
1057.191801,info,1778157185599,55.5594625,14.3628789
1057.293626,info,1778157185699,55.5594643,14.3628848
1057.395640,info,1778157185799,55.5594663,14.3628904
1057.491766,info,1778157185899,55.5594681,14.3628959
1057.599807,info,1778157186000,55.5594698,14.3629015
1057.695608,info,1778157186099,55.5594714,14.3629071
1057.791796,info,1778157186199,55.5594731,14.3629128
1057.893620,info,1778157186299,55.5594748,14.3629184
1057.996454,info,1778157186399,55.5594761,14.3629237
1058.097565,info,1778157186499,55.5594774,14.3629288
1058.193752,info,1778157186599,55.5594786,14.3629341
1058.295654,info,1778157186699,55.5594796,14.3629387
1058.397673,info,1778157186799,55.5594806,14.3629435
1058.493782,info,1778157186899,55.5594816,14.362948
1058.601583,info,1778157187000,55.5594826,14.3629518
1058.698015,info,1778157187099,55.5594833,14.3629556
1058.799611,info,1778157187199,55.559484,14.3629592
1058.895641,info,1778157187299,55.5594845,14.3629624
1058.997713,info,1778157187399,55.559485,14.3629656
1059.093762,info,1778157187499,55.5594854,14.3629687
1059.195771,info,1778157187599,55.5594859,14.3629715
1059.297714,info,1778157187699,55.5594864,14.3629744
1059.393724,info,1778157187799,55.5594868,14.3629771
1059.495685,info,1778157187899,55.5594871,14.3629797
1059.597777,info,1778157188000,55.5594873,14.3629819
1059.693661,info,1778157188099,55.5594877,14.3629842
1059.795572,info,1778157188199,55.5594879,14.3629863
1059.891789,info,1778157188299,55.5594879,14.3629883
1059.993585,info,1778157188399,55.5594881,14.3629903
1060.095600,info,1778157188499,55.5594883,14.3629922
1060.191781,info,1778157188599,55.5594884,14.3629943
1060.293649,info,1778157188699,55.5594886,14.3629963
1060.395570,info,1778157188799,55.5594889,14.3629984
1060.491807,info,1778157188899,55.559489,14.3630005
1060.593599,info,1778157189000,55.5594892,14.3630026
1060.701566,info,1778157189099,55.5594895,14.3630047
1060.797635,info,1778157189199,55.5594896,14.3630067
1060.995747,info,1778157189399,55.5594898,14.363011
1061.097764,info,1778157189499,55.55949,14.3630133
1061.199609,info,1778157189599,55.5594901,14.3630154
1061.301720,info,1778157189699,55.5594903,14.3630175
1061.397697,info,1778157189799,55.5594905,14.3630196
1061.499723,info,1778157189899,55.5594907,14.3630216
1061.601729,info,1778157190000,55.5594909,14.3630237
1061.697718,info,1778157190099,55.5594911,14.3630258
1061.793745,info,1778157190199,55.5594914,14.3630279
1061.895726,info,1778157190299,55.5594918,14.3630299
1061.997702,info,1778157190399,55.5594919,14.3630321
1062.093726,info,1778157190499,55.5594922,14.3630344
1062.195562,info,1778157190599,55.5594926,14.3630362
1062.291791,info,1778157190699,55.559493,14.3630381
1062.393636,info,1778157190799,55.5594935,14.3630399
1062.495711,info,1778157190899,55.559494,14.3630417
1062.591743,info,1778157191000,55.5594946,14.3630435
1062.699563,info,1778157191099,55.559495,14.3630452
1062.795582,info,1778157191199,55.5594956,14.3630468
1062.891769,info,1778157191299,55.5594961,14.3630483
1062.993678,info,1778157191399,55.5594965,14.3630498
1063.095720,info,1778157191499,55.5594969,14.3630513
1063.191726,info,1778157191599,55.5594972,14.3630529
1063.293741,info,1778157191699,55.5594975,14.3630547
1063.389798,info,1778157191799,55.5594977,14.3630567
1063.497680,info,1778157191899,55.5594982,14.3630589
1063.599747,info,1778157192000,55.5594983,14.3630607
1063.695681,info,1778157192099,55.5594988,14.363062
1063.797542,info,1778157192199,55.5594992,14.3630635
1063.893761,info,1778157192299,55.5594995,14.3630648
1063.995711,info,1778157192399,55.5595,14.363066
1064.097691,info,1778157192499,55.5595005,14.3630671
1064.193733,info,1778157192599,55.5595009,14.363068
1064.295967,info,1778157192699,55.5595015,14.363069
1064.397672,info,1778157192799,55.5595022,14.3630698
1064.499734,info,1778157192899,55.559503,14.3630705
1064.595734,info,1778157193000,55.5595038,14.363071
1064.697723,info,1778157193099,55.5595047,14.3630715
1064.793703,info,1778157193199,55.5595056,14.3630719
1064.895680,info,1778157193299,55.5595065,14.3630721
1064.991715,info,1778157193399,55.5595073,14.3630722
1065.093758,info,1778157193499,55.5595082,14.3630722
1065.195556,info,1778157193599,55.559509,14.3630721
1065.297627,info,1778157193699,55.55951,14.3630716
1065.393696,info,1778157193799,55.5595109,14.3630712
1065.495708,info,1778157193899,55.559512,14.3630709
1065.597676,info,1778157194000,55.5595129,14.3630703
1065.693746,info,1778157194099,55.5595139,14.3630697
1065.795569,info,1778157194199,55.5595149,14.3630692
1065.897526,info,1778157194299,55.5595156,14.3630685
1065.993605,info,1778157194399,55.5595166,14.3630679
1066.095534,info,1778157194499,55.5595175,14.3630675
1066.191766,info,1778157194599,55.5595184,14.3630671
1066.293608,info,1778157194699,55.5595193,14.3630667
1066.395720,info,1778157194799,55.5595202,14.3630662
1066.497673,info,1778157194899,55.5595211,14.3630657
1066.593731,info,1778157195000,55.5595221,14.3630653
1066.695651,info,1778157195099,55.559523,14.3630647
1066.797669,info,1778157195199,55.559524,14.363064
1066.899553,info,1778157195299,55.559525,14.3630633
1067.001595,info,1778157195399,55.5595259,14.3630627
1067.097652,info,1778157195499,55.5595269,14.3630621
1067.199537,info,1778157195599,55.5595279,14.3630614
1067.295750,info,1778157195699,55.5595288,14.3630607
1067.397680,info,1778157195799,55.5595298,14.3630599
1067.499689,info,1778157195899,55.5595307,14.3630591
1067.601556,info,1778157196000,55.5595317,14.3630582
1067.698362,info,1778157196099,55.5595325,14.3630573
1067.793714,info,1778157196199,55.5595335,14.3630565
1067.895648,info,1778157196299,55.5595343,14.3630558
1067.997545,info,1778157196399,55.5595352,14.3630551
1068.093641,info,1778157196499,55.559536,14.3630541
1068.195654,info,1778157196599,55.5595367,14.3630532
1068.294506,info,1778157196699,55.5595373,14.3630519
1068.393705,info,1778157196799,55.559538,14.3630509
1068.495688,info,1778157196899,55.5595386,14.3630495
1068.597578,info,1778157197000,55.5595394,14.3630481
1068.699669,info,1778157197099,55.55954,14.3630466
1068.795669,info,1778157197199,55.5595406,14.3630449
1068.897535,info,1778157197299,55.5595413,14.3630434
1068.993687,info,1778157197399,55.5595421,14.3630421
1069.095675,info,1778157197499,55.5595429,14.3630409
1069.197715,info,1778157197599,55.5595438,14.3630396
1069.293732,info,1778157197699,55.5595447,14.3630385
1069.401610,info,1778157197799,55.5595455,14.3630371
1069.497705,info,1778157197899,55.5595462,14.3630359
1069.599796,info,1778157198000,55.559547,14.3630346
1069.695687,info,1778157198099,55.5595477,14.3630333
1069.797683,info,1778157198199,55.5595486,14.3630321
1069.893711,info,1778157198299,55.5595494,14.3630308
1069.995710,info,1778157198399,55.5595501,14.3630296
1070.097644,info,1778157198499,55.5595512,14.3630284
1070.199772,info,1778157198599,55.5595522,14.3630271
1070.295691,info,1778157198699,55.5595532,14.363026
1070.391783,info,1778157198799,55.5595543,14.3630251
1070.493710,info,1778157198899,55.5595554,14.363024
1070.595623,info,1778157199000,55.5595566,14.363023
1070.691747,info,1778157199099,55.5595579,14.3630222
1070.793605,info,1778157199199,55.5595591,14.3630213
1070.895616,info,1778157199299,55.5595603,14.3630207
1070.997533,info,1778157199399,55.5595615,14.3630201
1071.093703,info,1778157199499,55.5595626,14.3630197
1071.195614,info,1778157199599,55.5595637,14.3630194
1071.297564,info,1778157199699,55.5595648,14.3630192
1071.393971,info,1778157199799,55.5595658,14.3630191
1071.495702,info,1778157199899,55.5595668,14.3630192
1071.597580,info,1778157200000,55.5595679,14.3630194
1071.693721,info,1778157200099,55.5595689,14.3630192
1071.795615,info,1778157200199,55.5595701,14.3630193
1071.897684,info,1778157200299,55.5595713,14.3630192
1071.997127,info,1778157200399,55.5595725,14.363019
1072.095732,info,1778157200499,55.5595738,14.3630188
1072.197607,info,1778157200599,55.5595751,14.3630186
1072.299647,info,1778157200699,55.5595763,14.3630185
1072.395635,info,1778157200799,55.5595776,14.3630184
1072.497701,info,1778157200899,55.5595789,14.3630185
1072.593656,info,1778157201000,55.5595801,14.3630189
1072.701533,info,1778157201099,55.5595813,14.3630193
1072.797640,info,1778157201199,55.5595827,14.36302
1072.899529,info,1778157201299,55.5595839,14.3630209
1072.995628,info,1778157201399,55.5595852,14.3630217
1073.097551,info,1778157201499,55.5595865,14.3630229
1073.193615,info,1778157201599,55.5595878,14.3630239
1073.295767,info,1778157201699,55.5595891,14.3630249
1073.392456,info,1778157201799,55.5595905,14.3630259
1073.493720,info,1778157201899,55.5595918,14.363027
1073.595655,info,1778157202000,55.5595932,14.3630279
1073.691721,info,1778157202099,55.5595944,14.3630289
1073.789579,info,1778157202199,55.5595957,14.36303
1073.895629,info,1778157202299,55.5595969,14.363031
1073.991726,info,1778157202399,55.5595981,14.3630321
1074.093652,info,1778157202499,55.5595992,14.363033
1074.195510,info,1778157202599,55.5596004,14.3630341
1074.291698,info,1778157202699,55.5596015,14.3630351
1074.394154,info,1778157202799,55.5596028,14.3630362
1074.489731,info,1778157202899,55.559604,14.3630373
1074.597570,info,1778157203000,55.5596053,14.3630382
1074.699727,info,1778157203099,55.5596066,14.3630393
1074.801658,info,1778157203199,55.5596079,14.3630404
1074.897739,info,1778157203299,55.5596092,14.3630415
1074.993716,info,1778157203399,55.5596106,14.3630422
1075.095689,info,1778157203499,55.5596119,14.3630429
1075.197598,info,1778157203599,55.5596133,14.3630434
1075.293686,info,1778157203699,55.5596149,14.3630439
1075.395677,info,1778157203799,55.5596165,14.3630443
1075.497681,info,1778157203899,55.5596182,14.3630448
1075.599591,info,1778157204000,55.55962,14.3630456
1075.701523,info,1778157204099,55.5596216,14.3630462
1075.797494,info,1778157204199,55.5596234,14.3630471
1075.893686,info,1778157204299,55.5596251,14.3630482
1075.989734,info,1778157204399,55.5596268,14.3630493
1076.091717,info,1778157204499,55.5596285,14.3630505
1076.193610,info,1778157204599,55.5596302,14.3630518
1076.295600,info,1778157204699,55.559632,14.363053
1076.391692,info,1778157204799,55.5596339,14.3630542
1076.493685,info,1778157204899,55.5596356,14.3630552
1076.589723,info,1778157205000,55.5596374,14.3630561
1076.691718,info,1778157205099,55.5596394,14.363057
1076.793572,info,1778157205199,55.5596414,14.3630578
1076.895512,info,1778157205299,55.5596433,14.3630585
1076.991698,info,1778157205399,55.5596454,14.3630593
1077.093646,info,1778157205499,55.5596472,14.3630598
1077.195481,info,1778157205599,55.5596494,14.3630608
1077.297598,info,1778157205699,55.5596514,14.3630618
1077.399518,info,1778157205799,55.5596537,14.3630627
1077.501658,info,1778157205899,55.5596561,14.3630639
1077.603522,info,1778157206000,55.5596585,14.3630649
1077.699718,info,1778157206099,55.5596609,14.363066
1077.795608,info,1778157206199,55.5596633,14.363067
1077.897608,info,1778157206299,55.5596659,14.363068
1077.993673,info,1778157206399,55.5596684,14.3630684
1078.095686,info,1778157206499,55.5596711,14.3630688
1078.197539,info,1778157206599,55.559674,14.3630691
1078.299582,info,1778157206699,55.559677,14.3630694
1078.395669,info,1778157206799,55.55968,14.3630696
1078.497677,info,1778157206899,55.559683,14.3630699
1078.593610,info,1778157207000,55.5596862,14.3630705
1078.695579,info,1778157207099,55.5596893,14.3630712
1078.791663,info,1778157207199,55.5596926,14.3630719
1078.899508,info,1778157207299,55.5596957,14.3630729
1078.995469,info,1778157207399,55.5596989,14.3630738
1079.097559,info,1778157207499,55.5597021,14.3630749
1079.193709,info,1778157207599,55.5597054,14.363076
1079.295613,info,1778157207699,55.5597087,14.3630768
1079.397558,info,1778157207799,55.559712,14.3630774
1079.499617,info,1778157207899,55.5597154,14.363078
1079.595609,info,1778157208000,55.5597188,14.3630785
1079.697612,info,1778157208099,55.5597221,14.3630789
1079.793600,info,1778157208199,55.5597255,14.3630796
1079.895595,info,1778157208299,55.559729,14.3630803
1079.991714,info,1778157208399,55.5597326,14.363081
1080.093617,info,1778157208499,55.559736,14.363082
1080.195571,info,1778157208599,55.5597396,14.3630831
1080.297576,info,1778157208699,55.5597429,14.363084
1080.393690,info,1778157208799,55.5597463,14.3630852
1080.495649,info,1778157208899,55.5597495,14.3630857
1080.597938,info,1778157209000,55.5597528,14.3630861
1080.699618,info,1778157209099,55.559756,14.3630866
1080.795603,info,1778157209199,55.5597593,14.3630866
1080.897555,info,1778157209299,55.5597626,14.3630865
1080.999520,info,1778157209399,55.559766,14.3630865
1081.095701,info,1778157209499,55.5597693,14.3630865
1081.197608,info,1778157209599,55.5597727,14.3630865
1081.293686,info,1778157209699,55.559776,14.3630867
1081.395580,info,1778157209799,55.5597791,14.3630872
1081.491691,info,1778157209899,55.5597823,14.3630874
1081.599993,info,1778157210000,55.5597856,14.3630878
1081.695671,info,1778157210099,55.559789,14.363088
1081.791710,info,1778157210199,55.5597923,14.3630883
1081.893561,info,1778157210299,55.5597957,14.3630884
1081.995560,info,1778157210399,55.5597992,14.3630886
1082.091633,info,1778157210499,55.5598027,14.3630887
1082.193591,info,1778157210599,55.5598063,14.3630888
1082.295610,info,1778157210699,55.5598098,14.3630889
1082.493668,info,1778157210899,55.5598167,14.3630889
1082.595469,info,1778157211000,55.5598203,14.3630891
1082.691662,info,1778157211099,55.5598238,14.363089
1082.793622,info,1778157211199,55.5598273,14.363089
1082.895766,info,1778157211299,55.5598308,14.3630889
1082.997564,info,1778157211399,55.5598343,14.3630889
1083.093631,info,1778157211499,55.5598379,14.3630889
1083.195718,info,1778157211599,55.5598415,14.3630889
1083.297488,info,1778157211699,55.5598449,14.3630889
1083.399533,info,1778157211799,55.5598484,14.3630889
1083.501665,info,1778157211899,55.5598519,14.3630888
1083.597616,info,1778157212000,55.5598553,14.3630885
1083.699663,info,1778157212099,55.5598587,14.3630883
1083.795592,info,1778157212199,55.5598622,14.363088
1083.897599,info,1778157212299,55.5598655,14.3630876
1083.993658,info,1778157212399,55.5598688,14.3630872
1084.095627,info,1778157212499,55.5598723,14.3630867
1084.197474,info,1778157212599,55.5598756,14.3630865
1084.299511,info,1778157212699,55.559879,14.3630863
1084.395566,info,1778157212799,55.5598823,14.3630862
1084.491932,info,1778157212899,55.5598857,14.3630863
1084.593598,info,1778157213000,55.5598891,14.3630866
1084.695588,info,1778157213099,55.5598925,14.3630868
1084.791660,info,1778157213199,55.5598957,14.3630876
1084.893584,info,1778157213299,55.5598989,14.3630882
1085.001523,info,1778157213399,55.5599021,14.3630894
1085.091674,info,1778157213499,55.5599052,14.3630906
1085.193582,info,1778157213599,55.5599083,14.3630918
1085.289709,info,1778157213699,55.5599115,14.3630934
1085.391640,info,1778157213799,55.5599147,14.3630949
1085.493671,info,1778157213899,55.5599178,14.3630965
1085.595719,info,1778157214000,55.5599209,14.3630984
1085.697610,info,1778157214099,55.5599238,14.3631007
1085.793644,info,1778157214199,55.5599266,14.3631032
1085.901469,info,1778157214299,55.5599292,14.3631057
1085.997533,info,1778157214399,55.5599319,14.3631086
1086.099580,info,1778157214499,55.5599343,14.3631117
1086.195655,info,1778157214599,55.5599368,14.3631149
1086.297611,info,1778157214699,55.5599391,14.3631182
1086.399483,info,1778157214799,55.5599413,14.3631214
1086.501643,info,1778157214899,55.5599436,14.3631244
1086.597604,info,1778157215000,55.5599458,14.3631277
1086.699656,info,1778157215099,55.559948,14.3631307
1086.795571,info,1778157215199,55.5599502,14.3631337
1086.891668,info,1778157215299,55.5599524,14.3631366
1086.993545,info,1778157215399,55.5599547,14.3631397
1087.095613,info,1778157215499,55.5599569,14.3631426
1087.197458,info,1778157215599,55.5599592,14.3631459
1087.293932,info,1778157215699,55.5599613,14.3631494
1087.395625,info,1778157215799,55.5599636,14.3631529
1087.497655,info,1778157215899,55.5599657,14.3631566
1087.599942,info,1778157216000,55.5599679,14.3631606
1087.695724,info,1778157216099,55.5599702,14.3631644
1087.791675,info,1778157216199,55.5599725,14.3631684
1087.899483,info,1778157216299,55.5599749,14.3631725
1087.995567,info,1778157216399,55.5599776,14.3631763
1088.097575,info,1778157216499,55.55998,14.3631801
1088.193585,info,1778157216599,55.5599829,14.3631838
1088.295608,info,1778157216699,55.5599857,14.3631874
1088.397504,info,1778157216799,55.5599886,14.3631907
1088.499628,info,1778157216899,55.5599915,14.3631938
1088.595659,info,1778157217000,55.5599944,14.3631969
1088.703519,info,1778157217099,55.5599973,14.3632
1088.793665,info,1778157217199,55.5600005,14.363203
1088.895637,info,1778157217299,55.5600035,14.3632061
1088.997493,info,1778157217399,55.5600068,14.3632092
1089.099497,info,1778157217499,55.5600097,14.3632124
1089.195564,info,1778157217599,55.560013,14.3632155
1089.297543,info,1778157217699,55.5600164,14.3632186
1089.394960,info,1778157217799,55.5600199,14.3632215
1089.501589,info,1778157217899,55.5600233,14.3632242
1089.597637,info,1778157218000,55.5600268,14.3632271
1089.699574,info,1778157218099,55.5600302,14.3632297
1089.789668,info,1778157218199,55.5600337,14.3632322
1089.897478,info,1778157218299,55.5600373,14.3632345
1089.993512,info,1778157218399,55.5600409,14.3632368
1090.095613,info,1778157218499,55.5600446,14.3632392
1090.191640,info,1778157218599,55.5600483,14.3632416
1090.294176,info,1778157218699,55.5600521,14.3632441
1090.395511,info,1778157218799,55.560056,14.3632467
1090.497592,info,1778157218899,55.56006,14.3632493
1090.599157,info,1778157219000,55.560064,14.3632521
1090.696436,info,1778157219099,55.560068,14.3632548
1090.791641,info,1778157219199,55.560072,14.3632575
1090.893545,info,1778157219299,55.560076,14.3632602
1090.995442,info,1778157219399,55.5600801,14.3632627
1091.091652,info,1778157219499,55.5600843,14.3632654
1091.193634,info,1778157219599,55.5600884,14.363268
1091.295971,info,1778157219699,55.5600926,14.3632704
1091.397477,info,1778157219799,55.5600969,14.3632725
1091.493720,info,1778157219899,55.560101,14.3632745
1091.602680,info,1778157220000,55.5601052,14.3632763
1091.697538,info,1778157220099,55.5601094,14.3632781
1091.799473,info,1778157220199,55.5601138,14.3632799
1091.895603,info,1778157220299,55.560118,14.3632816
1091.997575,info,1778157220399,55.5601224,14.3632833
1092.099456,info,1778157220499,55.5601269,14.3632848
1092.202745,info,1778157220599,55.5601312,14.3632861
1092.297503,info,1778157220699,55.5601356,14.3632873
1092.393606,info,1778157220799,55.56014,14.3632884
1092.495598,info,1778157220899,55.5601446,14.3632891
1092.597508,info,1778157221000,55.5601491,14.3632897
1092.693623,info,1778157221099,55.5601537,14.3632902
1092.795595,info,1778157221199,55.5601582,14.3632905
1092.891688,info,1778157221299,55.5601628,14.3632909
1092.993562,info,1778157221399,55.5601674,14.3632912
1093.095489,info,1778157221499,55.560172,14.3632913
1093.197453,info,1778157221599,55.5601767,14.3632915
1093.293541,info,1778157221699,55.5601813,14.3632913
1093.395590,info,1778157221799,55.560186,14.3632913
1093.491689,info,1778157221899,55.5601908,14.3632911
1093.599509,info,1778157222000,55.5601954,14.3632908
1093.695590,info,1778157222099,55.5602002,14.3632902
1093.797564,info,1778157222199,55.5602049,14.3632896
1093.893550,info,1778157222299,55.5602096,14.3632889
1094.001420,info,1778157222399,55.5602143,14.3632879
1094.097529,info,1778157222499,55.5602189,14.3632869
1094.199576,info,1778157222599,55.5602237,14.363286
1094.295948,info,1778157222699,55.5602285,14.363285
1094.397574,info,1778157222799,55.5602335,14.3632841
1094.499620,info,1778157222899,55.5602383,14.3632829
1094.601440,info,1778157223000,55.560243,14.3632814
1094.697545,info,1778157223099,55.5602476,14.3632799
1094.799525,info,1778157223199,55.5602523,14.3632785
1094.895635,info,1778157223299,55.5602569,14.363277
1094.997582,info,1778157223399,55.5602616,14.3632755
1095.093600,info,1778157223499,55.5602663,14.363274
1095.195562,info,1778157223599,55.5602709,14.3632726
1095.291631,info,1778157223699,55.5602755,14.3632711
1095.393591,info,1778157223799,55.5602802,14.3632696
1095.495639,info,1778157223899,55.5602847,14.3632682
1095.597585,info,1778157224000,55.5602892,14.3632668
1095.693994,info,1778157224099,55.5602936,14.3632655
1095.795551,info,1778157224199,55.5602981,14.3632644
1095.891627,info,1778157224299,55.5603025,14.3632633
1095.993610,info,1778157224399,55.5603069,14.3632623
1096.095489,info,1778157224499,55.5603113,14.3632613
1096.191609,info,1778157224599,55.5603157,14.3632606
1096.293555,info,1778157224699,55.5603199,14.3632596
1096.395480,info,1778157224799,55.5603241,14.3632586
1096.491984,info,1778157224899,55.5603281,14.3632576
1096.593524,info,1778157225000,55.560332,14.3632568
1096.695686,info,1778157225099,55.5603359,14.3632559
1096.797473,info,1778157225199,55.5603398,14.3632551
